// Jest Snapshot v1, https://goo.gl/fbAQLP

exports[`Entire App Test Entire app renders correctly according to first snapshot 1`] = `
<div
  className="StyledGrommet-sc-19lkkz7-0 bcjtJw"
>
  <div>
    <header
      className="StyledBox-sc-13pk1d4-0 bRQYIV"
      style={
        Object {
          "zIndex": "1",
        }
      }
    >
      <img
        alt="Logo"
        height="40pt"
        onClick={[Function]}
        src="logo_text_white.svg"
      />
      <div
        className="StyledBox-sc-13pk1d4-0 ffeAql"
      >
        <button
          className="StyledButton-sc-323bzc-0 gQJkQe"
          onBlur={[Function]}
          onClick={[Function]}
          onFocus={[Function]}
          type="button"
        >
          Home
        </button>
        <div
          className="StyledBox__StyledBoxGap-sc-13pk1d4-1 iChEkS"
        />
        <button
          className="StyledButton-sc-323bzc-0 gQJkQe"
          onBlur={[Function]}
          onClick={[Function]}
          onFocus={[Function]}
          type="button"
        >
          Labs
        </button>
        <div
          className="StyledBox__StyledBoxGap-sc-13pk1d4-1 iChEkS"
        />
        <button
          className="StyledButton-sc-323bzc-0 iigCHW"
          onBlur={[Function]}
          onClick={[Function]}
          onFocus={[Function]}
          type="button"
        >
          Login
        </button>
      </div>
    </header>
  </div>
</div>
`;
