// Jest Snapshot v1, https://goo.gl/fbAQLP

exports[`Entire App Test LabView renders correctly according to first snapshot 1`] = `
<div>
  <div
    className="StyledBox-sc-13pk1d4-0 yuWhC"
  >
    <img
      alt="..."
      src="loading.svg"
      style={
        Object {
          "left": "48%",
          "position": "absolute",
          "top": "30%",
        }
      }
    />
  </div>
  <footer
    className="StyledBox-sc-13pk1d4-0 gQsyIH"
  >
    <button
      className="StyledButton-sc-323bzc-0 kvjDlM"
      onBlur={[Function]}
      onClick={[Function]}
      onFocus={[Function]}
      type="button"
    >
      <div
        className="StyledBox-sc-13pk1d4-0 hHwlHq"
      >
        <svg
          aria-label="FormPrevious"
          className="StyledIcon-ofa7kd-0 jAaLrm"
          viewBox="0 0 24 24"
        >
          <polyline
            fill="none"
            points="9 6 15 12 9 18"
            stroke="#000"
            strokeWidth="2"
            transform="matrix(-1 0 0 1 24 0)"
          />
        </svg>
        <div
          className="StyledBox__StyledBoxGap-sc-13pk1d4-1 iChEkS"
        />
        Back
      </div>
    </button>
    <div
      className="StyledBox__StyledBoxGap-sc-13pk1d4-1 iChEkS"
    />
    <button
      className="StyledButton-sc-323bzc-0 dUvNsR"
      onBlur={[Function]}
      onClick={[Function]}
      onFocus={[Function]}
      type="button"
    >
      <div
        className="StyledBox-sc-13pk1d4-0 hHwlHq"
      >
        Next
        <div
          className="StyledBox__StyledBoxGap-sc-13pk1d4-1 iChEkS"
        />
        <svg
          aria-label="FormNext"
          className="StyledIcon-ofa7kd-0 jAaLrm"
          viewBox="0 0 24 24"
        >
          <polyline
            fill="none"
            points="9 6 15 12 9 18"
            stroke="#000"
            strokeWidth="2"
          />
        </svg>
      </div>
    </button>
  </footer>
</div>
`;
